// Jest Snapshot v1, https://goo.gl/fbAQLP

exports[`Modal component should match snapshot 1`] = `
ShallowWrapper {
  Symbol(enzyme.__root__): [Circular],
  Symbol(enzyme.__unrendered__): <Modal
    ButtonOne=""
    Header=""
    InputOne=""
    InputThree=""
    InputTwo=""
    Select=""
    SpanFour=""
    SpanOne=""
    SpanThree=""
    SpanTwo=""
  />,
  Symbol(enzyme.__renderer__): Object {
    "batchedUpdates": [Function],
    "checkPropTypes": [Function],
    "getNode": [Function],
    "render": [Function],
    "simulateError": [Function],
    "simulateEvent": [Function],
    "unmount": [Function],
  },
  Symbol(enzyme.__node__): Object {
    "instance": null,
    "key": undefined,
    "nodeType": "host",
    "props": Object {
      "children": <section
        className="modal-main"
      >
        <form
          className="modal-form"
        >
          
          <div
            className="fix"
          >
            
            
          </div>
          <div
            className="fix"
          >
            
            
          </div>
          <div
            className="fix"
          >
            
            
          </div>
          <div
            className="fix"
          >
            
            
          </div>
          
        </form>
      </section>,
    },
    "ref": null,
    "rendered": Object {
      "instance": null,
      "key": undefined,
      "nodeType": "host",
      "props": Object {
        "children": <form
          className="modal-form"
        >
          
          <div
            className="fix"
          >
            
            
          </div>
          <div
            className="fix"
          >
            
            
          </div>
          <div
            className="fix"
          >
            
            
          </div>
          <div
            className="fix"
          >
            
            
          </div>
          
        </form>,
        "className": "modal-main",
      },
      "ref": null,
      "rendered": Object {
        "instance": null,
        "key": undefined,
        "nodeType": "host",
        "props": Object {
          "children": Array [
            "",
            <div
              className="fix"
            >
              
              
            </div>,
            <div
              className="fix"
            >
              
              
            </div>,
            <div
              className="fix"
            >
              
              
            </div>,
            <div
              className="fix"
            >
              
              
            </div>,
            "",
            undefined,
          ],
          "className": "modal-form",
        },
        "ref": null,
        "rendered": Array [
          "",
          Object {
            "instance": null,
            "key": undefined,
            "nodeType": "host",
            "props": Object {
              "children": Array [
                "",
                "",
              ],
              "className": "fix",
            },
            "ref": null,
            "rendered": Array [
              "",
              "",
            ],
            "type": "div",
          },
          Object {
            "instance": null,
            "key": undefined,
            "nodeType": "host",
            "props": Object {
              "children": Array [
                "",
                "",
              ],
              "className": "fix",
            },
            "ref": null,
            "rendered": Array [
              "",
              "",
            ],
            "type": "div",
          },
          Object {
            "instance": null,
            "key": undefined,
            "nodeType": "host",
            "props": Object {
              "children": Array [
                "",
                "",
              ],
              "className": "fix",
            },
            "ref": null,
            "rendered": Array [
              "",
              "",
            ],
            "type": "div",
          },
          Object {
            "instance": null,
            "key": undefined,
            "nodeType": "host",
            "props": Object {
              "children": Array [
                "",
                "",
              ],
              "className": "fix",
            },
            "ref": null,
            "rendered": Array [
              "",
              "",
            ],
            "type": "div",
          },
          "",
          undefined,
        ],
        "type": "form",
      },
      "type": "section",
    },
    "type": "div",
  },
  Symbol(enzyme.__nodes__): Array [
    Object {
      "instance": null,
      "key": undefined,
      "nodeType": "host",
      "props": Object {
        "children": <section
          className="modal-main"
        >
          <form
            className="modal-form"
          >
            
            <div
              className="fix"
            >
              
              
            </div>
            <div
              className="fix"
            >
              
              
            </div>
            <div
              className="fix"
            >
              
              
            </div>
            <div
              className="fix"
            >
              
              
            </div>
            
          </form>
        </section>,
      },
      "ref": null,
      "rendered": Object {
        "instance": null,
        "key": undefined,
        "nodeType": "host",
        "props": Object {
          "children": <form
            className="modal-form"
          >
            
            <div
              className="fix"
            >
              
              
            </div>
            <div
              className="fix"
            >
              
              
            </div>
            <div
              className="fix"
            >
              
              
            </div>
            <div
              className="fix"
            >
              
              
            </div>
            
          </form>,
          "className": "modal-main",
        },
        "ref": null,
        "rendered": Object {
          "instance": null,
          "key": undefined,
          "nodeType": "host",
          "props": Object {
            "children": Array [
              "",
              <div
                className="fix"
              >
                
                
              </div>,
              <div
                className="fix"
              >
                
                
              </div>,
              <div
                className="fix"
              >
                
                
              </div>,
              <div
                className="fix"
              >
                
                
              </div>,
              "",
              undefined,
            ],
            "className": "modal-form",
          },
          "ref": null,
          "rendered": Array [
            "",
            Object {
              "instance": null,
              "key": undefined,
              "nodeType": "host",
              "props": Object {
                "children": Array [
                  "",
                  "",
                ],
                "className": "fix",
              },
              "ref": null,
              "rendered": Array [
                "",
                "",
              ],
              "type": "div",
            },
            Object {
              "instance": null,
              "key": undefined,
              "nodeType": "host",
              "props": Object {
                "children": Array [
                  "",
                  "",
                ],
                "className": "fix",
              },
              "ref": null,
              "rendered": Array [
                "",
                "",
              ],
              "type": "div",
            },
            Object {
              "instance": null,
              "key": undefined,
              "nodeType": "host",
              "props": Object {
                "children": Array [
                  "",
                  "",
                ],
                "className": "fix",
              },
              "ref": null,
              "rendered": Array [
                "",
                "",
              ],
              "type": "div",
            },
            Object {
              "instance": null,
              "key": undefined,
              "nodeType": "host",
              "props": Object {
                "children": Array [
                  "",
                  "",
                ],
                "className": "fix",
              },
              "ref": null,
              "rendered": Array [
                "",
                "",
              ],
              "type": "div",
            },
            "",
            undefined,
          ],
          "type": "form",
        },
        "type": "section",
      },
      "type": "div",
    },
  ],
  Symbol(enzyme.__options__): Object {
    "adapter": ReactSixteenAdapter {
      "options": Object {
        "enableComponentDidUpdateOnSetState": true,
        "legacyContextMode": "parent",
        "lifecycles": Object {
          "componentDidUpdate": Object {
            "onSetState": true,
          },
          "getChildContext": Object {
            "calledByRenderer": false,
          },
          "getDerivedStateFromError": true,
          "getDerivedStateFromProps": Object {
            "hasShouldComponentUpdateBug": false,
          },
          "getSnapshotBeforeUpdate": true,
          "setState": Object {
            "skipsComponentDidUpdateOnNullish": true,
          },
        },
      },
    },
  },
}
`;
